<html>
<body>
<pre>
<h1>µVision Build Log</h1>
<h2>Tool Versions:</h2>
IDE-Version: ¦ÌVision V5.18a
Copyright (C) 2016 ARM Ltd and ARM Germany GmbH. All rights reserved.
License Information: 1 1, 1, LIC=47GUH-W4VVP-NNYAF-6ZR8V-6JJC2-KE6L9
 
Tool Versions:
Toolchain:       MDK-ARM Standard  Version: 5.18a
Toolchain Path:  D:\mysaftware\keil_5.12\ARM\ARMCC\Bin
C Compiler:      Armcc.exe V5.06 update 1 (build 61)
Assembler:       Armasm.exe V5.06 update 1 (build 61)
Linker/Locator:  ArmLink.exe V5.06 update 1 (build 61)
Library Manager: ArmAr.exe V5.06 update 1 (build 61)
Hex Converter:   FromElf.exe V5.06 update 1 (build 61)
CPU DLL:         SARMCM3.DLL V5.18a
Dialog DLL:      DARMCM1.DLL V1.12.0.0
Target DLL:      STLink\ST-LINKIII-KEIL_SWO.dll V2.0.18.0
Dialog DLL:      TARMCM1.DLL V1.9.0.0
 
<h2>Project:</h2>
E:\stm32l072\PC13\PC13\MDK-ARM\PC13.uvprojx
Project File Date:  12/14/2017

<h2>Output:</h2>
*** Using Compiler 'V5.06 update 1 (build 61)', folder: 'D:\mysaftware\keil_5.12\ARM\ARMCC\Bin'
Rebuild target 'PC13'
compiling usart.c...
compiling stm32l0xx_it.c...
compiling stm32l0xx_hal_msp.c...
compiling gpio.c...
compiling main.c...
compiling user_standby.c...
..\Src\user_standby.c(220): warning:  #1-D: last line of file ends without a newline
  //}
..\Src\user_standby.c: 1 warning, 0 errors
compiling stm32l0xx_hal_i2c_ex.c...
compiling stm32l0xx_hal.c...
compiling stm32l0xx_hal_rcc_ex.c...
compiling stm32l0xx_hal_gpio.c...
compiling stm32l0xx_hal_flash_ramfunc.c...
compiling stm32l0xx_hal_i2c.c...
compiling stm32l0xx_hal_pwr.c...
compiling stm32l0xx_hal_rcc.c...
compiling stm32l0xx_hal_dma.c...
compiling stm32l0xx_hal_uart_ex.c...
compiling stm32l0xx_hal_pwr_ex.c...
compiling stm32l0xx_hal_flash.c...
compiling stm32l0xx_hal_cortex.c...
assembling startup_stm32l072xx.s...
compiling stm32l0xx_hal_uart.c...
compiling stm32l0xx_hal_flash_ex.c...
compiling system_stm32l0xx.c...
linking...
Program Size: Code=6124 RO-data=260 RW-data=12 ZI-data=1140  
FromELF: creating hex file...
"PC13\PC13.axf" - 0 Error(s), 1 Warning(s).

<h2>Software Packages used:</h2>

Package Vendor: ARM
                http://www.keil.com/pack/ARM.CMSIS.4.5.0.pack
                ARM::CMSIS:CORE:4.3.0
                CMSIS (Cortex Microcontroller Software Interface Standard)
   * Component: CORE Version: 4.3.0

<h2>Collection of Component include folders:</h2>
  E:\stm32l072\PC13\PC13\MDK-ARM\RTE
  D:\mysaftware\keil_5.12\ARM\PACK\ARM\CMSIS\4.5.0\CMSIS\Include
  D:\mysaftware\keil_5.12\ARM\PACK\Keil\STM32L0xx_DFP\1.6.0\Device\Include

<h2>Collection of Component Files used:</h2>

   * Component: ARM::CMSIS:CORE:4.3.0
Build Time Elapsed:  00:00:25
</pre>
</body>
</html>
